#-----------------------------------------------------------
# Vivado v2024.2 (64-bit)
# SW Build 5239630 on Fri Nov 08 22:35:27 MST 2024
# IP Build 5239520 on Sun Nov 10 16:12:51 MST 2024
# SharedData Build 5239561 on Fri Nov 08 14:39:27 MST 2024
# Start of session at: Sun Apr 27 00:39:29 2025
# Process ID         : 19448
# Current directory  : C:/Users/okhac/Documents/fpga_prototyping_by_sv_examples/6.5.4_fibonacci_2/fibonacci_v2/fibonacci_v2.runs/impl_1
# Command line       : vivado.exe -log fibonacci_v2.vdi -applog -product Vivado -messageDb vivado.pb -mode batch -source fibonacci_v2.tcl -notrace
# Log file           : C:/Users/okhac/Documents/fpga_prototyping_by_sv_examples/6.5.4_fibonacci_2/fibonacci_v2/fibonacci_v2.runs/impl_1/fibonacci_v2.vdi
# Journal file       : C:/Users/okhac/Documents/fpga_prototyping_by_sv_examples/6.5.4_fibonacci_2/fibonacci_v2/fibonacci_v2.runs/impl_1\vivado.jou
# Running On         : Oliver
# Platform           : Windows Server 2016 or Windows 10
# Operating System   : 26100
# Processor Detail   : Intel(R) Core(TM) i9-9900K CPU @ 3.60GHz
# CPU Frequency      : 3600 MHz
# CPU Physical cores : 8
# CPU Logical cores  : 16
# Host memory        : 34289 MB
# Swap memory        : 5100 MB
# Total Virtual      : 39389 MB
# Available Virtual  : 23491 MB
#-----------------------------------------------------------
source fibonacci_v2.tcl -notrace
