#-----------------------------------------------------------
# Vivado v2024.2 (64-bit)
# SW Build 5239630 on Fri Nov 08 22:34:34 MST 2024
# IP Build 5239520 on Sun Nov 10 16:12:51 MST 2024
# SharedData Build 5239561 on Fri Nov 08 14:39:27 MST 2024
# Start of session at: Fri Jun  6 14:15:30 2025
# Process ID         : 4116
# Current directory  : /home/oliver/Documents/fpga_prototyping_sv_examples/6.5.5_auto_scaled_frequency_counter/vivado
# Command line       : vivado
# Log file           : /home/oliver/Documents/fpga_prototyping_sv_examples/6.5.5_auto_scaled_frequency_counter/vivado/vivado.log
# Journal file       : /home/oliver/Documents/fpga_prototyping_sv_examples/6.5.5_auto_scaled_frequency_counter/vivado/vivado.jou
# Running On         : oliver-fw13
# Platform           : Linuxmint
# Operating System   : Linux Mint 22.1
# Processor Detail   : AMD Ryzen 5 7640U w/ Radeon 760M Graphics
# CPU Frequency      : 1905.087 MHz
# CPU Physical cores : 6
# CPU Logical cores  : 12
# Host memory        : 16032 MB
# Swap memory        : 2147 MB
# Total Virtual      : 18180 MB
# Available Virtual  : 15156 MB
#-----------------------------------------------------------
start_gui
open_project /home/oliver/Documents/fpga_prototyping_sv_examples/6.5.3_fibonacci_1/vivado/fibonacci_v1/fibonacci_v1.xpr
update_compile_order -fileset sources_1
